tcfail022.alan:1:1-18: Error: Type mismatch at `foo(x :  int) : int'
	Outermost function has to take no arguments

