pfail007.alan:2:15: Error: Parse error on input `:'
	Probably unclosed `)'

