pfail008.alan:2:16: Error: Parse error on input `:'
	Expected parameter definition

