pfail024.alan:4:6: Error: Parse error on input `true'
	Probably missing `('

