pfail015.alan:2:16: Error: Parse error on input `;'
	Probably missing `]'

