pfail035.alan:3:11: Error: Parse error on input `*'
	Not a valid expression

