pfail043.alan:3:14: Error: Parse error on input `)'

