pfail019.alan:4:9: Error: Parse error on input `*'
	Not a valid expression

