pfail031.alan:3:10: Error: Parse error on input `;'
	Probably missing `)'

