pfail020.alan:4:7: Error: Parse error on input `*'
	Probably missing `=' or `('

