pfail023.alan:4:7: Error: Parse error on input `*'
	Not a valid condition

