pfail013.alan:1:11: Error: Parse error on input `integer'
	Unknown type
	You have to use int, byte or proc

