pfail044.alan:3:13: Error: Parse error on input `%'
	Not a valid condition

