pfail034.alan:3:15: Error: Parse error on input `;'
	Probably missing `)'

