pfail003.alan:5:6: Error: Parse error on input `$'
	Cannot parse char `$'

