pfail040.alan:3:8: Error: Parse error on input `)'

