Please, give the number of rings: moving from left to middle
moving from left to right
moving from middle to right
moving from left to middle
moving from right to left
moving from right to middle
moving from left to middle
moving from left to right
moving from middle to right
moving from middle to left
moving from right to left
moving from middle to right
moving from left to middle
moving from left to right
moving from middle to right
Solved in 15 move(s).
