INSIDE MAIN:
a[5]=20
a[b[5]]=80
a[b[c[5]]]=320
a[b[5+1]]=96
a[b[5]+1]=84
a[b[5]+c[1]]=96
a[b[c[5]+a[5]]+c[5]*2]=800
INSIDE ByReference:
a[5]=21
a[b[5]]=85
a[b[c[5]]]=341
a[b[5+1]]=101
a[b[5]+1]=89
a[b[5]+c[1]]=105
a[b[c[5]+a[5]]+c[5]*2]=845
INSIDE ByAR:
a[5]=22
a[b[5]]=90
a[b[c[5]]]=362
a[b[5+1]]=106
a[b[5]+1]=94
a[b[5]+c[1]]=114
a[b[c[5]+a[5]]+c[5]*2]=890
---
INSIDE MAIN:
a[5]=20
a[b[5]]=80
a[b[c[5]]]=320
a[b[5+1]]=96
a[b[5]+1]=84
a[b[5]+c[1]]=96
a[b[c[5]+a[5]]+c[5]*2]=800
INSIDE ByReference:
a[5]=21
a[b[5]]=85
a[b[c[5]]]=341
a[b[5+1]]=101
a[b[5]+1]=89
a[b[5]+c[1]]=105
a[b[c[5]+a[5]]+c[5]*2]=845
INSIDE ByAR:
a[5]=22
a[b[5]]=90
a[b[c[5]]]=362
a[b[5+1]]=106
a[b[5]+1]=94
a[b[5]+c[1]]=114
a[b[c[5]+a[5]]+c[5]*2]=890
