tc007.alan:314173:3: Warning: Unreachable code
	Dead code has been eliminated

