==================== Parser ====================
hello() : proc
  c : int;
  foo(f1 :  int, f2 : reference byte) : proc
    foo2 : byte;
  { -- foo
  } -- foo
{ -- hello
  if(false) {
    writeString("What??\n");
  } else
    writeString("Hello world!\n");
  while(false) {
    c = 1 + 10 * 50 - 2 / 3;
    writeString("What??\n");
  }
} -- hello


