==================== Parser ====================
hello() : proc
  i : int;
{ -- hello
  i = 0;
  i = 42;
  i = 1284;
  i = 200;
  i = -1337;
} -- hello


