==================== Parser ====================
hello() : proc
  c : int;
{ -- hello
  {
    c = 40 + 2;
    c = 6 * 7;
    ;
    {
      c = 5;
    }
    {
    }
  }
} -- hello


