==================== Parser ====================
utf8() : proc
{ -- utf8
  writeString("Έχουμε υποστήριξη UTF-8\n");
  writeString("Γιούπι!!!");
} -- utf8


