==================== Parser ====================
MulDimArray() : proc
  i : int[4][5];
  foo2(f : reference int[][5]) : proc
  { -- foo2
    f[1][3] = 42;
  } -- foo2
  foo3(f : reference int[4][5]) : proc
  { -- foo3
  } -- foo3
  foo5(f : reference int[5]) : proc
  { -- foo5
  } -- foo5
{ -- MulDimArray
  i[1][2] = 42;
  foo2(i);
  foo3(i);
  foo5(i[3]);
} -- MulDimArray


